// Vitest Snapshot v1, https://vitest.dev/guide/snapshot.html

exports[`Security surface snapshot > Functions SECURITY DEFINER (sécurité-sensibles) 1`] = `
[
  {
    "args": "q text default '', filter text default 'all', lim int default 50",
    "language": "plpgsql",
    "name": "admin_list_users",
    "returns": "setof public.profiles",
    "searchPath": "public",
    "security": "definer",
  },
  {
    "args": "p_password text default null",
    "language": "plpgsql",
    "name": "delete_my_account",
    "returns": "void",
    "searchPath": "public, auth",
    "security": "definer",
  },
  {
    "args": "",
    "language": "plpgsql",
    "name": "enforce_rate_limit",
    "returns": "trigger",
    "searchPath": "public",
    "security": "definer",
  },
  {
    "args": "",
    "language": "plpgsql",
    "name": "ensure_notification_prefs",
    "returns": "trigger",
    "searchPath": "public",
    "security": "definer",
  },
  {
    "args": "",
    "language": "plpgsql",
    "name": "export_my_data",
    "returns": "jsonb",
    "searchPath": "public, auth",
    "security": "definer",
  },
  {
    "args": "",
    "language": "plpgsql",
    "name": "fill_pseudo_snapshot",
    "returns": "trigger",
    "searchPath": "public",
    "security": "definer",
  },
  {
    "args": "target uuid, p_password text default null",
    "language": "plpgsql",
    "name": "force_delete_piano",
    "returns": "void",
    "searchPath": "public",
    "security": "definer",
  },
  {
    "args": "",
    "language": "sql",
    "name": "get_my_profile",
    "returns": "public.profiles",
    "searchPath": "public",
    "security": "definer",
  },
  {
    "args": "",
    "language": "plpgsql",
    "name": "handle_new_user",
    "returns": "trigger",
    "searchPath": "public, auth",
    "security": "definer",
  },
  {
    "args": "",
    "language": "sql",
    "name": "is_admin",
    "returns": "boolean",
    "searchPath": "public",
    "security": "definer",
  },
  {
    "args": "",
    "language": "sql",
    "name": "is_superadmin",
    "returns": "boolean",
    "searchPath": "public",
    "security": "definer",
  },
  {
    "args": "lim int default 50",
    "language": "sql",
    "name": "list_pending_notifications",
    "returns": "table(id uuid)",
    "searchPath": "public",
    "security": "definer",
  },
  {
    "args": "notif_id uuid, err text default null",
    "language": "plpgsql",
    "name": "mark_notification_sent",
    "returns": "void",
    "searchPath": "public",
    "security": "definer",
  },
  {
    "args": "",
    "language": "sql",
    "name": "purge_old_notifications",
    "returns": "void",
    "searchPath": "public",
    "security": "definer",
  },
  {
    "args": "",
    "language": "plpgsql",
    "name": "queue_event_notifications",
    "returns": "trigger",
    "searchPath": "public",
    "security": "definer",
  },
  {
    "args": "",
    "language": "plpgsql",
    "name": "queue_piano_update_notification",
    "returns": "trigger",
    "searchPath": "public",
    "security": "definer",
  },
  {
    "args": "",
    "language": "plpgsql",
    "name": "queue_session_conflict_notification",
    "returns": "trigger",
    "searchPath": "public",
    "security": "definer",
  },
  {
    "args": "request_id uuid, reply text",
    "language": "plpgsql",
    "name": "reply_to_request",
    "returns": "void",
    "searchPath": "public",
    "security": "definer",
  },
  {
    "args": "report_id uuid",
    "language": "plpgsql",
    "name": "resolve_report",
    "returns": "void",
    "searchPath": "public",
    "security": "definer",
  },
  {
    "args": "target uuid, banned boolean, p_password text default null",
    "language": "plpgsql",
    "name": "set_user_banned",
    "returns": "void",
    "searchPath": "public",
    "security": "definer",
  },
  {
    "args": "target uuid, new_role user_role",
    "language": "plpgsql",
    "name": "set_user_role",
    "returns": "void",
    "searchPath": "public",
    "security": "definer",
  },
  {
    "args": "p text",
    "language": "plpgsql",
    "name": "verify_my_password",
    "returns": "boolean",
    "searchPath": "public, auth, extensions",
    "security": "definer",
  },
  {
    "args": "action_name text",
    "language": "plpgsql",
    "name": "within_rate_limit",
    "returns": "boolean",
    "searchPath": "public",
    "security": "definer",
  },
  {
    "args": "p_action text, p_target uuid, p_payload jsonb",
    "language": "plpgsql",
    "name": "write_audit_log",
    "returns": "void",
    "searchPath": "public",
    "security": "definer",
  },
]
`;

exports[`Security surface snapshot > Grants & Revokes 1`] = `
[
  {
    "grantee": "authenticated",
    "object": "admin_list_users(text, text, int)",
    "privileges": "execute",
    "type": "grant",
  },
  {
    "grantee": "public",
    "object": "admin_list_users(text, text, int)",
    "privileges": "all",
    "type": "revoke",
  },
  {
    "grantee": "authenticated",
    "object": "delete_my_account()",
    "privileges": "execute",
    "type": "grant",
  },
  {
    "grantee": "public",
    "object": "delete_my_account()",
    "privileges": "all",
    "type": "revoke",
  },
  {
    "grantee": "public",
    "object": "delete_my_account()",
    "privileges": "all",
    "type": "revoke",
  },
  {
    "grantee": "authenticated",
    "object": "delete_my_account(text)",
    "privileges": "execute",
    "type": "grant",
  },
  {
    "grantee": "public",
    "object": "delete_my_account(text)",
    "privileges": "all",
    "type": "revoke",
  },
  {
    "grantee": "public",
    "object": "enforce_rate_limit()",
    "privileges": "all",
    "type": "revoke",
  },
  {
    "grantee": "authenticated",
    "object": "export_my_data()",
    "privileges": "execute",
    "type": "grant",
  },
  {
    "grantee": "public",
    "object": "export_my_data()",
    "privileges": "all",
    "type": "revoke",
  },
  {
    "grantee": "authenticated",
    "object": "force_delete_piano(uuid, text)",
    "privileges": "execute",
    "type": "grant",
  },
  {
    "grantee": "public",
    "object": "force_delete_piano(uuid, text)",
    "privileges": "all",
    "type": "revoke",
  },
  {
    "grantee": "authenticated",
    "object": "force_delete_piano(uuid)",
    "privileges": "execute",
    "type": "grant",
  },
  {
    "grantee": "public",
    "object": "force_delete_piano(uuid)",
    "privileges": "all",
    "type": "revoke",
  },
  {
    "grantee": "public",
    "object": "force_delete_piano(uuid)",
    "privileges": "all",
    "type": "revoke",
  },
  {
    "grantee": "authenticated",
    "object": "get_my_profile()",
    "privileges": "execute",
    "type": "grant",
  },
  {
    "grantee": "public",
    "object": "get_my_profile()",
    "privileges": "all",
    "type": "revoke",
  },
  {
    "grantee": "authenticated",
    "object": "is_admin()",
    "privileges": "execute",
    "type": "grant",
  },
  {
    "grantee": "authenticated",
    "object": "is_banned(uuid)",
    "privileges": "execute",
    "type": "grant",
  },
  {
    "grantee": "authenticated",
    "object": "is_superadmin()",
    "privileges": "execute",
    "type": "grant",
  },
  {
    "grantee": "public",
    "object": "list_pending_notifications(int)",
    "privileges": "all",
    "type": "revoke",
  },
  {
    "grantee": "public",
    "object": "mark_notification_sent(uuid, text)",
    "privileges": "all",
    "type": "revoke",
  },
  {
    "grantee": "public",
    "object": "mark_notification_sent(uuid, text)",
    "privileges": "all",
    "type": "revoke",
  },
  {
    "grantee": "anon, authenticated",
    "object": "profiles",
    "privileges": "select (id, pseudo, created_at)",
    "type": "grant",
  },
  {
    "grantee": "anon, authenticated",
    "object": "profiles",
    "privileges": "select",
    "type": "revoke",
  },
  {
    "grantee": "public",
    "object": "purge_old_notifications()",
    "privileges": "all",
    "type": "revoke",
  },
  {
    "grantee": "anon, authenticated",
    "object": "rate_limit_buckets",
    "privileges": "all",
    "type": "revoke",
  },
  {
    "grantee": "authenticated",
    "object": "reply_to_request(uuid, text)",
    "privileges": "execute",
    "type": "grant",
  },
  {
    "grantee": "public",
    "object": "reply_to_request(uuid, text)",
    "privileges": "all",
    "type": "revoke",
  },
  {
    "grantee": "authenticated",
    "object": "resolve_report(uuid)",
    "privileges": "execute",
    "type": "grant",
  },
  {
    "grantee": "public",
    "object": "resolve_report(uuid)",
    "privileges": "all",
    "type": "revoke",
  },
  {
    "grantee": "authenticated",
    "object": "set_user_banned(uuid, boolean, text)",
    "privileges": "execute",
    "type": "grant",
  },
  {
    "grantee": "public",
    "object": "set_user_banned(uuid, boolean, text)",
    "privileges": "all",
    "type": "revoke",
  },
  {
    "grantee": "authenticated",
    "object": "set_user_banned(uuid, boolean)",
    "privileges": "execute",
    "type": "grant",
  },
  {
    "grantee": "public",
    "object": "set_user_banned(uuid, boolean)",
    "privileges": "all",
    "type": "revoke",
  },
  {
    "grantee": "public",
    "object": "set_user_banned(uuid, boolean)",
    "privileges": "all",
    "type": "revoke",
  },
  {
    "grantee": "authenticated",
    "object": "set_user_role(uuid, user_role)",
    "privileges": "execute",
    "type": "grant",
  },
  {
    "grantee": "public",
    "object": "set_user_role(uuid, user_role)",
    "privileges": "all",
    "type": "revoke",
  },
  {
    "grantee": "authenticated",
    "object": "verify_my_password(text)",
    "privileges": "execute",
    "type": "grant",
  },
  {
    "grantee": "public",
    "object": "verify_my_password(text)",
    "privileges": "all",
    "type": "revoke",
  },
  {
    "grantee": "authenticated",
    "object": "within_rate_limit(text)",
    "privileges": "execute",
    "type": "grant",
  },
  {
    "grantee": "public",
    "object": "write_audit_log(text, uuid, jsonb)",
    "privileges": "all",
    "type": "revoke",
  },
]
`;

exports[`Security surface snapshot > Policies RLS 1`] = `
[
  {
    "name": "audit_log_select_admin",
    "operation": "select",
    "table": "audit_log",
    "using": "public.is_admin()",
    "withCheck": null,
  },
  {
    "name": "event_participants_delete",
    "operation": "delete",
    "table": "event_participants",
    "using": "auth.uid() = user_id",
    "withCheck": null,
  },
  {
    "name": "event_participants_insert",
    "operation": "insert",
    "table": "event_participants",
    "using": null,
    "withCheck": "auth.uid() = user_id and not public.is_banned(auth.uid()) and public.event_has_room(event_id)",
  },
  {
    "name": "event_participants_select",
    "operation": "select",
    "table": "event_participants",
    "using": "true",
    "withCheck": null,
  },
  {
    "name": "events_delete_admin",
    "operation": "delete",
    "table": "events",
    "using": "public.is_admin()",
    "withCheck": null,
  },
  {
    "name": "events_insert_admin",
    "operation": "insert",
    "table": "events",
    "using": null,
    "withCheck": "public.is_admin()",
  },
  {
    "name": "events_select",
    "operation": "select",
    "table": "events",
    "using": "true",
    "withCheck": null,
  },
  {
    "name": "events_update_admin",
    "operation": "update",
    "table": "events",
    "using": "public.is_admin()",
    "withCheck": "public.is_admin()",
  },
  {
    "name": "notif_prefs_insert_own",
    "operation": "insert",
    "table": "notification_preferences",
    "using": null,
    "withCheck": "auth.uid() = user_id",
  },
  {
    "name": "notif_prefs_select_own",
    "operation": "select",
    "table": "notification_preferences",
    "using": "auth.uid() = user_id",
    "withCheck": null,
  },
  {
    "name": "notif_prefs_update_own",
    "operation": "update",
    "table": "notification_preferences",
    "using": "auth.uid() = user_id",
    "withCheck": "auth.uid() = user_id",
  },
  {
    "name": "notif_outbox_select_admin",
    "operation": "select",
    "table": "notifications_outbox",
    "using": "public.is_admin()",
    "withCheck": null,
  },
  {
    "name": "piano_reports_insert",
    "operation": "insert",
    "table": "piano_reports",
    "using": null,
    "withCheck": "auth.uid() = reported_by and not public.is_banned(auth.uid())",
  },
  {
    "name": "piano_reports_select_admin",
    "operation": "select",
    "table": "piano_reports",
    "using": "public.is_admin()",
    "withCheck": null,
  },
  {
    "name": "piano_reports_select_own",
    "operation": "select",
    "table": "piano_reports",
    "using": "auth.uid() = reported_by",
    "withCheck": null,
  },
  {
    "name": "piano_sessions_delete_owner",
    "operation": "delete",
    "table": "piano_sessions",
    "using": "auth.uid() = user_id",
    "withCheck": null,
  },
  {
    "name": "piano_sessions_insert",
    "operation": "insert",
    "table": "piano_sessions",
    "using": null,
    "withCheck": "auth.uid() = user_id and not public.is_banned(auth.uid())",
  },
  {
    "name": "piano_sessions_select",
    "operation": "select",
    "table": "piano_sessions",
    "using": "true",
    "withCheck": null,
  },
  {
    "name": "piano_sessions_update_cancel",
    "operation": "update",
    "table": "piano_sessions",
    "using": "auth.uid() = user_id",
    "withCheck": "auth.uid() = user_id",
  },
  {
    "name": "piano_updates_insert",
    "operation": "insert",
    "table": "piano_updates",
    "using": null,
    "withCheck": "auth.uid() = updated_by and not public.is_banned(auth.uid())",
  },
  {
    "name": "piano_updates_select",
    "operation": "select",
    "table": "piano_updates",
    "using": "true",
    "withCheck": null,
  },
  {
    "name": "piano_visits_insert",
    "operation": "insert",
    "table": "piano_visits",
    "using": null,
    "withCheck": "auth.uid() = user_id and not public.is_banned(auth.uid())",
  },
  {
    "name": "piano_visits_select",
    "operation": "select",
    "table": "piano_visits",
    "using": "true",
    "withCheck": null,
  },
  {
    "name": "pianos_delete_owner",
    "operation": "delete",
    "table": "pianos",
    "using": "auth.uid() = created_by",
    "withCheck": null,
  },
  {
    "name": "pianos_insert",
    "operation": "insert",
    "table": "pianos",
    "using": null,
    "withCheck": "auth.uid() = created_by and not public.is_banned(auth.uid())",
  },
  {
    "name": "pianos_select",
    "operation": "select",
    "table": "pianos",
    "using": "is_deleted = false",
    "withCheck": null,
  },
  {
    "name": "pianos_update_owner",
    "operation": "update",
    "table": "pianos",
    "using": "auth.uid() = created_by",
    "withCheck": "auth.uid() = created_by",
  },
  {
    "name": "profiles_delete_self",
    "operation": "delete",
    "table": "profiles",
    "using": "auth.uid() = id",
    "withCheck": null,
  },
  {
    "name": "profiles_insert_self",
    "operation": "insert",
    "table": "profiles",
    "using": null,
    "withCheck": "auth.uid() = id",
  },
  {
    "name": "profiles_select",
    "operation": "select",
    "table": "profiles",
    "using": "true",
    "withCheck": null,
  },
  {
    "name": "profiles_update_self",
    "operation": "update",
    "table": "profiles",
    "using": "auth.uid() = id",
    "withCheck": "auth.uid() = id",
  },
  {
    "name": "push_sub_delete_own",
    "operation": "delete",
    "table": "push_subscriptions",
    "using": "auth.uid() = user_id",
    "withCheck": null,
  },
  {
    "name": "push_sub_insert_own",
    "operation": "insert",
    "table": "push_subscriptions",
    "using": null,
    "withCheck": "auth.uid() = user_id and not public.is_banned(auth.uid())",
  },
  {
    "name": "push_sub_select_own",
    "operation": "select",
    "table": "push_subscriptions",
    "using": "auth.uid() = user_id",
    "withCheck": null,
  },
  {
    "name": "piano_photos_delete_own",
    "operation": "delete",
    "table": "storage.objects",
    "using": "bucket_id = 'piano-photos' and auth.uid()::text = owner::text",
    "withCheck": null,
  },
  {
    "name": "piano_photos_insert",
    "operation": "insert",
    "table": "storage.objects",
    "using": null,
    "withCheck": "bucket_id = 'piano-photos' and auth.role() = 'authenticated'",
  },
  {
    "name": "piano_photos_read",
    "operation": "select",
    "table": "storage.objects",
    "using": "bucket_id = 'piano-photos'",
    "withCheck": null,
  },
  {
    "name": "user_requests_insert_self",
    "operation": "insert",
    "table": "user_requests",
    "using": null,
    "withCheck": "auth.uid() = user_id and not public.is_banned(auth.uid())",
  },
  {
    "name": "user_requests_select_own_or_admin",
    "operation": "select",
    "table": "user_requests",
    "using": "auth.uid() = user_id or public.is_admin()",
    "withCheck": null,
  },
]
`;

exports[`Security surface snapshot > RLS-enabled tables 1`] = `
[
  "audit_log",
  "event_participants",
  "events",
  "notification_preferences",
  "notifications_outbox",
  "piano_reports",
  "piano_sessions",
  "piano_updates",
  "piano_visits",
  "pianos",
  "profiles",
  "push_subscriptions",
  "rate_limit_buckets",
  "user_requests",
]
`;

exports[`Security surface snapshot > Triggers 1`] = `
[
  {
    "events": "insert",
    "fn": "handle_new_user",
    "name": "on_auth_user_created",
    "table": "auth.users",
    "timing": "after",
  },
  {
    "events": "insert",
    "fn": "queue_event_notifications",
    "name": "events_notify",
    "table": "events",
    "timing": "after",
  },
  {
    "events": "insert",
    "fn": "enforce_rate_limit",
    "name": "piano_reports_rate_limit",
    "table": "piano_reports",
    "timing": "before",
  },
  {
    "events": "insert",
    "fn": "queue_session_conflict_notification",
    "name": "piano_sessions_notify_conflict",
    "table": "piano_sessions",
    "timing": "after",
  },
  {
    "events": "insert",
    "fn": "enforce_rate_limit",
    "name": "piano_sessions_rate_limit",
    "table": "piano_sessions",
    "timing": "before",
  },
  {
    "events": "insert",
    "fn": "queue_piano_update_notification",
    "name": "piano_updates_notify",
    "table": "piano_updates",
    "timing": "after",
  },
  {
    "events": "insert",
    "fn": "fill_pseudo_snapshot",
    "name": "piano_updates_pseudo_snapshot",
    "table": "piano_updates",
    "timing": "before",
  },
  {
    "events": "insert",
    "fn": "enforce_rate_limit",
    "name": "piano_updates_rate_limit",
    "table": "piano_updates",
    "timing": "before",
  },
  {
    "events": "insert",
    "fn": "enforce_rate_limit",
    "name": "piano_visits_rate_limit",
    "table": "piano_visits",
    "timing": "before",
  },
  {
    "events": "insert",
    "fn": "enforce_rate_limit",
    "name": "pianos_rate_limit",
    "table": "pianos",
    "timing": "before",
  },
  {
    "events": "insert",
    "fn": "ensure_notification_prefs",
    "name": "profiles_ensure_notif_prefs",
    "table": "profiles",
    "timing": "after",
  },
  {
    "events": "insert",
    "fn": "enforce_rate_limit",
    "name": "user_requests_rate_limit",
    "table": "user_requests",
    "timing": "before",
  },
]
`;
